[2026-03-26 09:59:25] INFO - Starting model training...
[2026-03-26 09:59:55] INFO - Starting model training...
[2026-03-26 10:00:12] INFO - Starting model training...
[2026-03-26 10:00:12] INFO - [OK] Baseline Random Forest trained
[2026-03-26 10:00:12] INFO - [OK] SMOTE applied:
[2026-03-26 10:00:12] INFO -   Before: 632 clean, 165 buggy
[2026-03-26 10:00:12] INFO -   After: 632 clean, 632 buggy
[2026-03-26 10:00:13] INFO - [OK] Improved Random Forest trained
[2026-03-26 10:00:13] INFO - [OK] SMOTE applied:
[2026-03-26 10:00:13] INFO -   Before: 632 clean, 165 buggy
[2026-03-26 10:00:13] INFO -   After: 632 clean, 632 buggy
[2026-03-26 10:00:14] INFO - [OK] Logistic Regression trained
[2026-03-26 10:00:14] INFO - [OK] SMOTE applied:
[2026-03-26 10:00:14] INFO -   Before: 632 clean, 165 buggy
[2026-03-26 10:00:14] INFO -   After: 632 clean, 632 buggy
[2026-03-26 10:00:14] INFO - [OK] Gaussian Naive Bayes trained
[2026-03-26 10:00:14] INFO - [OK] All models trained: 4 models
[2026-03-26 10:04:23] INFO - Starting model training...
[2026-03-26 10:04:24] INFO - [OK] Baseline Random Forest trained
[2026-03-26 10:04:24] INFO - [OK] SMOTE applied:
[2026-03-26 10:04:24] INFO -   Before: 632 clean, 165 buggy
[2026-03-26 10:04:24] INFO -   After: 632 clean, 632 buggy
[2026-03-26 10:04:24] INFO - [OK] Improved Random Forest trained
[2026-03-26 10:04:24] INFO - [OK] SMOTE applied:
[2026-03-26 10:04:24] INFO -   Before: 632 clean, 165 buggy
[2026-03-26 10:04:24] INFO -   After: 632 clean, 632 buggy
[2026-03-26 10:04:26] INFO - [OK] Logistic Regression trained
[2026-03-26 10:04:26] INFO - [OK] SMOTE applied:
[2026-03-26 10:04:26] INFO -   Before: 632 clean, 165 buggy
[2026-03-26 10:04:26] INFO -   After: 632 clean, 632 buggy
[2026-03-26 10:04:26] INFO - [OK] Gaussian Naive Bayes trained
[2026-03-26 10:04:26] INFO - [OK] All models trained: 4 models
[2026-04-08 15:39:38] INFO - Starting model training...
[2026-04-08 15:39:38] INFO - [OK] Baseline Random Forest trained
[2026-04-08 15:39:38] INFO - [OK] SMOTE applied:
[2026-04-08 15:39:38] INFO -   Before: 632 clean, 165 buggy
[2026-04-08 15:39:38] INFO -   After: 632 clean, 632 buggy
[2026-04-08 15:39:39] INFO - [OK] Improved Random Forest trained
[2026-04-08 15:39:39] INFO - [OK] SMOTE applied:
[2026-04-08 15:39:39] INFO -   Before: 632 clean, 165 buggy
[2026-04-08 15:39:39] INFO -   After: 632 clean, 632 buggy
[2026-04-08 15:39:41] INFO - [OK] Logistic Regression trained
[2026-04-08 15:39:41] INFO - [OK] SMOTE applied:
[2026-04-08 15:39:41] INFO -   Before: 632 clean, 165 buggy
[2026-04-08 15:39:41] INFO -   After: 632 clean, 632 buggy
[2026-04-08 15:39:41] INFO - [OK] Gaussian Naive Bayes trained
[2026-04-08 15:39:41] INFO - [OK] All models trained: 4 models
[2026-04-09 09:08:38] INFO - Starting model training...
[2026-04-09 09:08:38] INFO - [OK] Baseline Random Forest trained
[2026-04-09 09:08:38] INFO - [OK] SMOTE applied:
[2026-04-09 09:08:38] INFO -   Before: 632 clean, 165 buggy
[2026-04-09 09:08:38] INFO -   After: 632 clean, 632 buggy
[2026-04-09 09:08:39] INFO - [OK] Improved Random Forest trained
[2026-04-09 09:08:39] INFO - [OK] SMOTE applied:
[2026-04-09 09:08:39] INFO -   Before: 632 clean, 165 buggy
[2026-04-09 09:08:39] INFO -   After: 632 clean, 632 buggy
[2026-04-09 09:08:40] INFO - [OK] Logistic Regression trained
[2026-04-09 09:08:40] INFO - [OK] SMOTE applied:
[2026-04-09 09:08:40] INFO -   Before: 632 clean, 165 buggy
[2026-04-09 09:08:40] INFO -   After: 632 clean, 632 buggy
[2026-04-09 09:08:40] INFO - [OK] Gaussian Naive Bayes trained
[2026-04-09 09:08:40] INFO - [OK] All models trained: 4 models
[2026-04-09 09:38:38] INFO - Starting model training...
[2026-04-09 09:38:39] INFO - [OK] Baseline Random Forest trained
[2026-04-09 09:38:39] INFO - [OK] SMOTE applied:
[2026-04-09 09:38:39] INFO -   Before: 632 clean, 165 buggy
[2026-04-09 09:38:39] INFO -   After: 632 clean, 632 buggy
[2026-04-09 09:38:40] INFO - [OK] Improved Random Forest trained
[2026-04-09 09:38:40] INFO - [OK] SMOTE applied:
[2026-04-09 09:38:40] INFO -   Before: 632 clean, 165 buggy
[2026-04-09 09:38:40] INFO -   After: 632 clean, 632 buggy
[2026-04-09 09:38:42] INFO - [OK] Logistic Regression trained
[2026-04-09 09:38:42] INFO - [OK] SMOTE applied:
[2026-04-09 09:38:42] INFO -   Before: 632 clean, 165 buggy
[2026-04-09 09:38:42] INFO -   After: 632 clean, 632 buggy
[2026-04-09 09:38:42] INFO - [OK] Gaussian Naive Bayes trained
[2026-04-09 09:38:42] INFO - [OK] All models trained: 4 models
[2026-04-15 13:14:58] INFO - Starting model training...
[2026-04-15 13:14:58] INFO - [OK] Baseline Random Forest trained
[2026-04-15 13:14:58] INFO - [OK] SMOTE applied:
[2026-04-15 13:14:58] INFO -   Before: 632 clean, 165 buggy
[2026-04-15 13:14:58] INFO -   After: 632 clean, 632 buggy
[2026-04-15 13:14:59] INFO - [OK] Improved Random Forest trained
[2026-04-15 13:14:59] INFO - [OK] SMOTE applied:
[2026-04-15 13:14:59] INFO -   Before: 632 clean, 165 buggy
[2026-04-15 13:14:59] INFO -   After: 632 clean, 632 buggy
[2026-04-15 13:15:02] INFO - [OK] Logistic Regression trained
[2026-04-15 13:15:02] INFO - [OK] SMOTE applied:
[2026-04-15 13:15:02] INFO -   Before: 632 clean, 165 buggy
[2026-04-15 13:15:02] INFO -   After: 632 clean, 632 buggy
[2026-04-15 13:15:02] INFO - [OK] Gaussian Naive Bayes trained
[2026-04-15 13:15:02] INFO - [OK] All models trained: 4 models
[2026-04-15 13:53:52] INFO - Starting model training...
[2026-04-15 13:53:53] INFO - [OK] Baseline Random Forest trained
[2026-04-15 13:53:53] INFO - [OK] SMOTE applied:
[2026-04-15 13:53:53] INFO -   Before: 505 clean, 132 buggy
[2026-04-15 13:53:53] INFO -   After: 505 clean, 505 buggy
[2026-04-15 13:53:53] INFO - [OK] Improved Random Forest trained
[2026-04-15 13:53:53] INFO - [OK] SMOTE applied:
[2026-04-15 13:53:53] INFO -   Before: 505 clean, 132 buggy
[2026-04-15 13:53:53] INFO -   After: 505 clean, 505 buggy
[2026-04-15 13:53:55] INFO - [OK] Logistic Regression trained
[2026-04-15 13:53:55] INFO - [OK] SMOTE applied:
[2026-04-15 13:53:55] INFO -   Before: 505 clean, 132 buggy
[2026-04-15 13:53:55] INFO -   After: 505 clean, 505 buggy
[2026-04-15 13:53:55] INFO - [OK] Gaussian Naive Bayes trained
[2026-04-15 13:53:55] INFO - [OK] All models trained: 4 models
[2026-04-15 13:54:44] INFO - Starting model training...
[2026-04-15 13:54:44] INFO - [OK] Baseline Random Forest trained
[2026-04-15 13:54:44] INFO - [OK] SMOTE applied:
[2026-04-15 13:54:44] INFO -   Before: 505 clean, 132 buggy
[2026-04-15 13:54:44] INFO -   After: 505 clean, 505 buggy
[2026-04-15 13:54:45] INFO - [OK] Improved Random Forest trained
[2026-04-15 13:54:45] INFO - [OK] SMOTE applied:
[2026-04-15 13:54:45] INFO -   Before: 505 clean, 132 buggy
[2026-04-15 13:54:45] INFO -   After: 505 clean, 505 buggy
[2026-04-15 13:54:48] INFO - [OK] Logistic Regression trained
[2026-04-15 13:54:48] INFO - [OK] SMOTE applied:
[2026-04-15 13:54:48] INFO -   Before: 505 clean, 132 buggy
[2026-04-15 13:54:48] INFO -   After: 505 clean, 505 buggy
[2026-04-15 13:54:48] INFO - [OK] Gaussian Naive Bayes trained
[2026-04-15 13:54:48] INFO - [OK] All models trained: 4 models
[2026-04-15 15:38:06] INFO - Starting model training...
[2026-04-15 15:38:07] INFO - [OK] Baseline Random Forest trained
[2026-04-15 15:38:07] INFO - [OK] SMOTE applied:
[2026-04-15 15:38:07] INFO -   Before: 505 clean, 132 buggy
[2026-04-15 15:38:07] INFO -   After: 505 clean, 505 buggy
[2026-04-15 15:38:07] INFO - [OK] Improved Random Forest trained
[2026-04-15 15:38:07] INFO - [OK] SMOTE applied:
[2026-04-15 15:38:07] INFO -   Before: 505 clean, 132 buggy
[2026-04-15 15:38:07] INFO -   After: 505 clean, 505 buggy
[2026-04-15 15:38:14] INFO - [OK] Logistic Regression trained
[2026-04-15 15:38:14] INFO - [OK] SMOTE applied:
[2026-04-15 15:38:14] INFO -   Before: 505 clean, 132 buggy
[2026-04-15 15:38:14] INFO -   After: 505 clean, 505 buggy
[2026-04-15 15:38:14] INFO - [OK] Gaussian Naive Bayes trained
[2026-04-15 15:38:14] INFO - [OK] All models trained: 4 models
